// Jest Snapshot v1, https://goo.gl/fbAQLP

exports[`renders correctly 1`] = `
Array [
  <div
    className="header"
  >
    <img
      alt="header banner"
      src="header.png"
    />
    <div
      className="date-time"
    >
      <h2>
        1:48:11 AM
      </h2>
      <h4>
        5/20/2022
      </h4>
    </div>
  </div>,
  <div
    className="home"
  >
    <div
      className="cities"
    >
      <div
        className="cities-card"
      >
        <li
          className="city"
        >
          <a
            href="/city/Lahore"
            onClick={[Function]}
          >
            <div
              className="city-details"
            >
              <h4>
                Lahore
              </h4>
                
              <p>
                (
                31.5204
                , 
                74.3587
                )
              </p>
            </div>
          </a>
        </li>
        <li
          className="city"
        >
          <a
            href="/city/Islamabad"
            onClick={[Function]}
          >
            <div
              className="city-details"
            >
              <h4>
                Islamabad
              </h4>
                
              <p>
                (
                33.6844
                , 
                73.0479
                )
              </p>
            </div>
          </a>
        </li>
        <li
          className="city"
        >
          <a
            href="/city/Karachi"
            onClick={[Function]}
          >
            <div
              className="city-details"
            >
              <h4>
                Karachi
              </h4>
                
              <p>
                (
                24.8607
                , 
                67.0011
                )
              </p>
            </div>
          </a>
        </li>
        <li
          className="city"
        >
          <a
            href="/city/Quetta"
            onClick={[Function]}
          >
            <div
              className="city-details"
            >
              <h4>
                Quetta
              </h4>
                
              <p>
                (
                30.1798
                , 
                66.9750
                )
              </p>
            </div>
          </a>
        </li>
        <li
          className="city"
        >
          <a
            href="/city/Peshawar"
            onClick={[Function]}
          >
            <div
              className="city-details"
            >
              <h4>
                Peshawar
              </h4>
                
              <p>
                (
                34.0151
                , 
                71.5249
                )
              </p>
            </div>
          </a>
        </li>
      </div>
    </div>
  </div>,
]
`;
